[Error] "true" expression has type "bool" but an expression was expected of type "int"
  expected: int
    actual: bool
