- : (k -> k -> j) -> (i -> k) -> i -> i -> j = <<function>>
