- : (p -> p -> o) -> (q -> p) -> q -> q -> o = <<function>>
