[Error] "iter fun x -> x + 1 10" expression has type "int" but an expression was expected of type "bool"
  expected: bool
    actual: int
