[Error] "g" expression has type "c" but an expression was expected of type "(c -> i) -> j"
  expected: (c -> i) -> j
    actual: c
