[Error] type missmatch : equal operaions expected number or boolean