"[Type error] unification error: \nexpected: int\nrecevied: bool"