[Error] "f" expression has type "l" but an expression was expected of type "m -> l"
  expected: m -> l
    actual: l
